// Jest Snapshot v1, https://goo.gl/fbAQLP

exports[`Home matches snapshot 1`] = `
<div
  className="counter"
>
  <Button
    apperence="primary"
    className="increment"
    onClick={[Function]}
  >
    +
  </Button>
  <Count
    className="count"
  >
    0
  </Count>
  <Button
    apperence="destructive"
    className="decrement"
    onClick={[Function]}
  >
    -
  </Button>
</div>
`;
