// Jest Snapshot v1, https://goo.gl/fbAQLP

exports[`PeopleList renders a list of people when request passes 1`] = `
<PeopleList
  className="peoplelist"
>
  <PeopleItem
    key="0"
  >
    <span>
      Ankur
    </span>
    <span>
      CEO
    </span>
  </PeopleItem>
  <PeopleItem
    key="1"
  >
    <span>
      Aliya
    </span>
    <span>
      Developer
    </span>
  </PeopleItem>
  <PeopleItem
    key="2"
  >
    <span>
      Bassam
    </span>
    <span>
      Developer
    </span>
  </PeopleItem>
</PeopleList>
`;
