// Jest Snapshot v1, https://goo.gl/fbAQLP

exports[`Counter matches snapshot 1`] = `
<header>
  <Link
    replace={false}
    to="/"
  >
    <Logo>
      ⚛
    </Logo>
  </Link>
  <h1>
    Learn Club - React
  </h1>
  <Menu>
    <MenuItem>
      <Link
        replace={false}
        to="/"
      >
        Home
      </Link>
    </MenuItem>
    <MenuItem>
      <Link
        replace={false}
        to="/people"
      >
        People
      </Link>
    </MenuItem>
  </Menu>
</header>
`;
