// Jest Snapshot v1, https://goo.gl/fbAQLP

exports[`Routes matches snapshot 1`] = `
<ConnectedRouter
  history={
    Object {
      "action": "POP",
      "block": [Function],
      "createHref": [Function],
      "go": [Function],
      "goBack": [Function],
      "goForward": [Function],
      "length": 1,
      "listen": [Function],
      "location": Object {
        "hash": "",
        "pathname": "/",
        "search": "",
        "state": undefined,
      },
      "push": [Function],
      "replace": [Function],
    }
  }
>
  <React.Fragment>
    <Header />
    <Route
      component={[Function]}
      exact={true}
      path="/"
    />
    <Route
      component={[Function]}
      path="/people"
    />
    <Route
      component={[Function]}
      exact={true}
      path="/articles"
    />
    <Route
      component={[Function]}
      path="/articles/:id"
    />
  </React.Fragment>
</ConnectedRouter>
`;
