// Jest Snapshot v1, https://goo.gl/fbAQLP

exports[`Counter matches snapshot 1`] = `
<BrowserRouter>
  <React.Fragment>
    <Header />
    <Route
      component={[Function]}
      exact={true}
      path="/"
    />
    <Route
      component={[Function]}
      exact={true}
      path="/people"
    />
  </React.Fragment>
</BrowserRouter>
`;
